// Jest Snapshot v1, https://goo.gl/fbAQLP

exports[`Register 1`] = `
<div
  className="MuiGrid-root makeStyles-gridStyle-8"
>
  <div
    className="MuiBox-root MuiBox-root-9"
  >
    <div
      align="center"
      className="MuiBox-root MuiBox-root-10"
    >
      <div
        align="center"
        className="MuiGrid-root MuiGrid-container MuiGrid-spacing-xs-3"
      >
        <div
          className="MuiGrid-root MuiGrid-item MuiGrid-grid-xs-12 MuiGrid-grid-sm-6 MuiGrid-grid-md-6"
        >
          <img
            align="center"
            alt="logo"
            height="60"
            src="LocAll (8).png"
            style={
              Object {
                "margin": "0px 180px",
              }
            }
            width="270"
          />
          <div
            className="MuiPaper-root MuiCard-root makeStyles-grid-2 MuiPaper-elevation1 MuiPaper-rounded"
            style={
              Object {
                "minwidth": 200,
              }
            }
          >
            <div
              className="MuiCardContent-root"
            >
              <div
                className="MuiGrid-root MuiGrid-container MuiGrid-spacing-xs-5"
              >
                <div
                  className="MuiGrid-root makeStyles-card-1 MuiGrid-item MuiGrid-grid-xs-6"
                >
                  <h6
                    className="MuiTypography-root MuiTypography-h6"
                    style={
                      Object {
                        "color": "#ECE5E2",
                        "marginTop": "100px",
                      }
                    }
                  >
                    Already a member?
                  </h6>
                  <h6
                    className="MuiTypography-root MuiTypography-subtitle1"
                    style={
                      Object {
                        "color": "#ECE5E2",
                      }
                    }
                  >
                    Sign in and see what's new since your last visit
                  </h6>
                  <center>
                    <button
                      className="MuiButtonBase-root MuiButton-root MuiButton-contained makeStyles-buttonr-5"
                      disabled={false}
                      onBlur={[Function]}
                      onClick={[Function]}
                      onDragLeave={[Function]}
                      onFocus={[Function]}
                      onKeyDown={[Function]}
                      onKeyUp={[Function]}
                      onMouseDown={[Function]}
                      onMouseLeave={[Function]}
                      onMouseUp={[Function]}
                      onTouchEnd={[Function]}
                      onTouchMove={[Function]}
                      onTouchStart={[Function]}
                      tabIndex={0}
                      type="submit"
                    >
                      <span
                        className="MuiButton-label"
                      >
                        Login
                      </span>
                    </button>
                  </center>
                </div>
                <div
                  className="MuiGrid-root makeStyles-divScroll-3 MuiGrid-item MuiGrid-grid-xs-6"
                >
                  <center>
                    <h5
                      className="MuiTypography-root MuiTypography-h5"
                      style={
                        Object {
                          "color": "#199bf1",
                          "marginBottom": "15px",
                        }
                      }
                    >
                      Register
                    </h5>
                  </center>
                  <form
                    action="#"
                    onReset={[Function]}
                    onSubmit={[Function]}
                  >
                    <div
                      id="get-otp-button"
                    >
                       
                    </div>
                    <div
                      className="MuiFormControl-root MuiTextField-root makeStyles-textField-7 MuiFormControl-fullWidth"
                    >
                      <label
                        className="MuiFormLabel-root MuiInputLabel-root MuiInputLabel-formControl MuiInputLabel-animated MuiInputLabel-marginDense MuiInputLabel-outlined Mui-required Mui-required"
                        data-shrink={false}
                      >
                        User Name
                        <span
                          aria-hidden={true}
                          className="MuiFormLabel-asterisk MuiInputLabel-asterisk"
                        >
                           
                          *
                        </span>
                      </label>
                      <div
                        className="MuiInputBase-root MuiOutlinedInput-root MuiInputBase-fullWidth MuiInputBase-formControl MuiInputBase-adornedEnd MuiOutlinedInput-adornedEnd MuiInputBase-marginDense MuiOutlinedInput-marginDense"
                        onClick={[Function]}
                      >
                        <input
                          aria-invalid={false}
                          autoFocus={false}
                          className="MuiInputBase-input MuiOutlinedInput-input MuiInputBase-inputAdornedEnd MuiOutlinedInput-inputAdornedEnd MuiInputBase-inputMarginDense MuiOutlinedInput-inputMarginDense"
                          disabled={false}
                          name="username"
                          onAnimationStart={[Function]}
                          onBlur={[Function]}
                          onChange={[Function]}
                          onFocus={[Function]}
                          required={true}
                          type="text"
                          value=""
                        />
                        <svg
                          aria-hidden={true}
                          className="MuiSvgIcon-root MuiSvgIcon-fontSizeMedium css-i4bv87-MuiSvgIcon-root"
                          data-testid="PersonIcon"
                          focusable="false"
                          viewBox="0 0 24 24"
                        >
                          <path
                            d="M12 12c2.21 0 4-1.79 4-4s-1.79-4-4-4-4 1.79-4 4 1.79 4 4 4zm0 2c-2.67 0-8 1.34-8 4v2h16v-2c0-2.66-5.33-4-8-4z"
                          />
                        </svg>
                        <fieldset
                          aria-hidden={true}
                          className="PrivateNotchedOutline-root-11 MuiOutlinedInput-notchedOutline"
                        >
                          <legend
                            className="PrivateNotchedOutline-legendLabelled-13"
                          >
                            <span>
                              User Name
                               *
                            </span>
                          </legend>
                        </fieldset>
                      </div>
                      <p
                        className="MuiFormHelperText-root MuiFormHelperText-contained Mui-required MuiFormHelperText-marginDense"
                      />
                    </div>
                    <div
                      className="MuiFormControl-root MuiTextField-root makeStyles-textField-7 MuiFormControl-fullWidth"
                    >
                      <label
                        className="MuiFormLabel-root MuiInputLabel-root MuiInputLabel-formControl MuiInputLabel-animated MuiInputLabel-marginDense MuiInputLabel-outlined Mui-required Mui-required"
                        data-shrink={false}
                      >
                        Email Id
                        <span
                          aria-hidden={true}
                          className="MuiFormLabel-asterisk MuiInputLabel-asterisk"
                        >
                           
                          *
                        </span>
                      </label>
                      <div
                        className="MuiInputBase-root MuiOutlinedInput-root MuiInputBase-fullWidth MuiInputBase-formControl MuiInputBase-adornedEnd MuiOutlinedInput-adornedEnd MuiInputBase-marginDense MuiOutlinedInput-marginDense"
                        onClick={[Function]}
                      >
                        <input
                          aria-invalid={false}
                          autoFocus={false}
                          className="MuiInputBase-input MuiOutlinedInput-input MuiInputBase-inputAdornedEnd MuiOutlinedInput-inputAdornedEnd MuiInputBase-inputMarginDense MuiOutlinedInput-inputMarginDense"
                          disabled={false}
                          name="email"
                          onAnimationStart={[Function]}
                          onBlur={[Function]}
                          onChange={[Function]}
                          onFocus={[Function]}
                          required={true}
                          type="email"
                          value=""
                        />
                        <svg
                          aria-hidden={true}
                          className="MuiSvgIcon-root MuiSvgIcon-fontSizeMedium css-i4bv87-MuiSvgIcon-root"
                          data-testid="EmailIcon"
                          focusable="false"
                          viewBox="0 0 24 24"
                        >
                          <path
                            d="M20 4H4c-1.1 0-1.99.9-1.99 2L2 18c0 1.1.9 2 2 2h16c1.1 0 2-.9 2-2V6c0-1.1-.9-2-2-2zm0 4-8 5-8-5V6l8 5 8-5v2z"
                          />
                        </svg>
                        <fieldset
                          aria-hidden={true}
                          className="PrivateNotchedOutline-root-11 MuiOutlinedInput-notchedOutline"
                        >
                          <legend
                            className="PrivateNotchedOutline-legendLabelled-13"
                          >
                            <span>
                              Email Id
                               *
                            </span>
                          </legend>
                        </fieldset>
                      </div>
                      <p
                        className="MuiFormHelperText-root MuiFormHelperText-contained Mui-required MuiFormHelperText-marginDense"
                      />
                    </div>
                    <div
                      className="MuiFormControl-root MuiTextField-root makeStyles-textField-7"
                      pattern="[789]{1}[0-9]{9}"
                      style={
                        Object {
                          "marginRight": "5px ",
                          "width": 170,
                        }
                      }
                    >
                      <label
                        className="MuiFormLabel-root MuiInputLabel-root MuiInputLabel-formControl MuiInputLabel-animated MuiInputLabel-marginDense MuiInputLabel-outlined Mui-required Mui-required"
                        data-shrink={false}
                      >
                        Phone no.
                        <span
                          aria-hidden={true}
                          className="MuiFormLabel-asterisk MuiInputLabel-asterisk"
                        >
                           
                          *
                        </span>
                      </label>
                      <div
                        className="MuiInputBase-root MuiOutlinedInput-root MuiInputBase-formControl MuiInputBase-adornedEnd MuiOutlinedInput-adornedEnd MuiInputBase-marginDense MuiOutlinedInput-marginDense"
                        onClick={[Function]}
                      >
                        <input
                          aria-invalid={false}
                          autoFocus={false}
                          className="MuiInputBase-input MuiOutlinedInput-input MuiInputBase-inputAdornedEnd MuiOutlinedInput-inputAdornedEnd MuiInputBase-inputMarginDense MuiOutlinedInput-inputMarginDense"
                          disabled={false}
                          name="phoneno"
                          onAnimationStart={[Function]}
                          onBlur={[Function]}
                          onChange={[Function]}
                          onFocus={[Function]}
                          required={true}
                          type="text"
                        />
                        <svg
                          aria-hidden={true}
                          className="MuiSvgIcon-root MuiSvgIcon-fontSizeMedium css-i4bv87-MuiSvgIcon-root"
                          data-testid="PhoneIcon"
                          focusable="false"
                          viewBox="0 0 24 24"
                        >
                          <path
                            d="M6.62 10.79c1.44 2.83 3.76 5.14 6.59 6.59l2.2-2.2c.27-.27.67-.36 1.02-.24 1.12.37 2.33.57 3.57.57.55 0 1 .45 1 1V20c0 .55-.45 1-1 1-9.39 0-17-7.61-17-17 0-.55.45-1 1-1h3.5c.55 0 1 .45 1 1 0 1.25.2 2.45.57 3.57.11.35.03.74-.25 1.02l-2.2 2.2z"
                          />
                        </svg>
                        <fieldset
                          aria-hidden={true}
                          className="PrivateNotchedOutline-root-11 MuiOutlinedInput-notchedOutline"
                        >
                          <legend
                            className="PrivateNotchedOutline-legendLabelled-13"
                          >
                            <span>
                              Phone no.
                               *
                            </span>
                          </legend>
                        </fieldset>
                      </div>
                      <p
                        className="MuiFormHelperText-root MuiFormHelperText-contained Mui-required MuiFormHelperText-marginDense"
                      />
                    </div>
                    <button
                      className="MuiButtonBase-root MuiButton-root MuiButton-outlined"
                      disabled={false}
                      onBlur={[Function]}
                      onClick={[Function]}
                      onDragLeave={[Function]}
                      onFocus={[Function]}
                      onKeyDown={[Function]}
                      onKeyUp={[Function]}
                      onMouseDown={[Function]}
                      onMouseLeave={[Function]}
                      onMouseUp={[Function]}
                      onTouchEnd={[Function]}
                      onTouchMove={[Function]}
                      onTouchStart={[Function]}
                      style={
                        Object {
                          "backgroundColor": "#199bf1",
                          "borderRadius": 100,
                          "color": "#FFFFFF",
                          "marginTop": "5px",
                        }
                      }
                      tabIndex={0}
                      type="button"
                    >
                      <span
                        className="MuiButton-label"
                      >
                        Get OTP
                      </span>
                    </button>
                    <div
                      className="MuiFormControl-root MuiTextField-root makeStyles-textField-7 MuiFormControl-fullWidth"
                    >
                      <label
                        className="MuiFormLabel-root MuiInputLabel-root MuiInputLabel-formControl MuiInputLabel-animated MuiInputLabel-marginDense MuiInputLabel-outlined Mui-required Mui-required"
                        data-shrink={false}
                      >
                        Password
                        <span
                          aria-hidden={true}
                          className="MuiFormLabel-asterisk MuiInputLabel-asterisk"
                        >
                           
                          *
                        </span>
                      </label>
                      <div
                        className="MuiInputBase-root MuiOutlinedInput-root MuiInputBase-fullWidth MuiInputBase-formControl MuiInputBase-adornedEnd MuiOutlinedInput-adornedEnd MuiInputBase-marginDense MuiOutlinedInput-marginDense"
                        onClick={[Function]}
                      >
                        <input
                          aria-invalid={false}
                          autoFocus={false}
                          className="MuiInputBase-input MuiOutlinedInput-input MuiInputBase-inputAdornedEnd MuiOutlinedInput-inputAdornedEnd MuiInputBase-inputMarginDense MuiOutlinedInput-inputMarginDense"
                          disabled={false}
                          name="password"
                          onAnimationStart={[Function]}
                          onBlur={[Function]}
                          onChange={[Function]}
                          onFocus={[Function]}
                          required={true}
                          type="password"
                          value=""
                        />
                        <svg
                          aria-hidden={true}
                          className="MuiSvgIcon-root MuiSvgIcon-fontSizeMedium css-i4bv87-MuiSvgIcon-root"
                          data-testid="LockIcon"
                          focusable="false"
                          viewBox="0 0 24 24"
                        >
                          <path
                            d="M18 8h-1V6c0-2.76-2.24-5-5-5S7 3.24 7 6v2H6c-1.1 0-2 .9-2 2v10c0 1.1.9 2 2 2h12c1.1 0 2-.9 2-2V10c0-1.1-.9-2-2-2zm-6 9c-1.1 0-2-.9-2-2s.9-2 2-2 2 .9 2 2-.9 2-2 2zm3.1-9H8.9V6c0-1.71 1.39-3.1 3.1-3.1 1.71 0 3.1 1.39 3.1 3.1v2z"
                          />
                        </svg>
                        <fieldset
                          aria-hidden={true}
                          className="PrivateNotchedOutline-root-11 MuiOutlinedInput-notchedOutline"
                        >
                          <legend
                            className="PrivateNotchedOutline-legendLabelled-13"
                          >
                            <span>
                              Password
                               *
                            </span>
                          </legend>
                        </fieldset>
                      </div>
                      <p
                        className="MuiFormHelperText-root MuiFormHelperText-contained Mui-required MuiFormHelperText-marginDense"
                      />
                    </div>
                    <div
                      className="MuiFormControl-root MuiTextField-root makeStyles-textField-7 MuiFormControl-fullWidth"
                    >
                      <label
                        className="MuiFormLabel-root MuiInputLabel-root MuiInputLabel-formControl MuiInputLabel-animated MuiInputLabel-marginDense MuiInputLabel-outlined Mui-required Mui-required"
                        data-shrink={false}
                      >
                        Confirm Password
                        <span
                          aria-hidden={true}
                          className="MuiFormLabel-asterisk MuiInputLabel-asterisk"
                        >
                           
                          *
                        </span>
                      </label>
                      <div
                        className="MuiInputBase-root MuiOutlinedInput-root MuiInputBase-fullWidth MuiInputBase-formControl MuiInputBase-adornedEnd MuiOutlinedInput-adornedEnd MuiInputBase-marginDense MuiOutlinedInput-marginDense"
                        onClick={[Function]}
                      >
                        <input
                          aria-invalid={false}
                          autoFocus={false}
                          className="MuiInputBase-input MuiOutlinedInput-input MuiInputBase-inputAdornedEnd MuiOutlinedInput-inputAdornedEnd MuiInputBase-inputMarginDense MuiOutlinedInput-inputMarginDense"
                          disabled={false}
                          name="confirmpassword"
                          onAnimationStart={[Function]}
                          onBlur={[Function]}
                          onChange={[Function]}
                          onFocus={[Function]}
                          required={true}
                          type="password"
                          value=""
                        />
                        <svg
                          aria-hidden={true}
                          className="MuiSvgIcon-root MuiSvgIcon-fontSizeMedium css-i4bv87-MuiSvgIcon-root"
                          data-testid="LockIcon"
                          focusable="false"
                          viewBox="0 0 24 24"
                        >
                          <path
                            d="M18 8h-1V6c0-2.76-2.24-5-5-5S7 3.24 7 6v2H6c-1.1 0-2 .9-2 2v10c0 1.1.9 2 2 2h12c1.1 0 2-.9 2-2V10c0-1.1-.9-2-2-2zm-6 9c-1.1 0-2-.9-2-2s.9-2 2-2 2 .9 2 2-.9 2-2 2zm3.1-9H8.9V6c0-1.71 1.39-3.1 3.1-3.1 1.71 0 3.1 1.39 3.1 3.1v2z"
                          />
                        </svg>
                        <fieldset
                          aria-hidden={true}
                          className="PrivateNotchedOutline-root-11 MuiOutlinedInput-notchedOutline"
                        >
                          <legend
                            className="PrivateNotchedOutline-legendLabelled-13"
                          >
                            <span>
                              Confirm Password
                               *
                            </span>
                          </legend>
                        </fieldset>
                      </div>
                      <p
                        className="MuiFormHelperText-root MuiFormHelperText-contained Mui-required MuiFormHelperText-marginDense"
                      />
                    </div>
                    <br />
                    <br />
                    <div
                      aria-labelledby="demo-row-radio-buttons-group-label"
                      className="MuiFormGroup-root MuiFormGroup-row"
                      role="radiogroup"
                    >
                      Select Role:
                      <div
                        className="custom-control"
                      >
                        <input
                          defaultChecked={true}
                          id="customer"
                          name="role"
                          onChange={[Function]}
                          type="radio"
                          value="customer"
                        />
                        <label
                          className="custom-control-label"
                          htmlFor="customer"
                        >
                          Customer
                        </label>
                      </div>
                      <div
                        className="custom-control"
                      >
                        <input
                          defaultChecked={false}
                          id="vendor"
                          name="role"
                          onChange={[Function]}
                          type="radio"
                          value="vendor"
                        />
                        <label
                          className="custom-control-label"
                          htmlFor="vendor"
                        >
                          Vendor
                        </label>
                      </div>
                    </div>
                    <center>
                      <button
                        className="MuiButtonBase-root MuiButton-root MuiButton-contained makeStyles-buttons-6 Mui-disabled Mui-disabled"
                        disabled={true}
                        onBlur={[Function]}
                        onDragLeave={[Function]}
                        onFocus={[Function]}
                        onKeyDown={[Function]}
                        onKeyUp={[Function]}
                        onMouseDown={[Function]}
                        onMouseLeave={[Function]}
                        onMouseUp={[Function]}
                        onTouchEnd={[Function]}
                        onTouchMove={[Function]}
                        onTouchStart={[Function]}
                        tabIndex={-1}
                        type="submit"
                      >
                        <span
                          className="MuiButton-label"
                        >
                          Register
                        </span>
                      </button>
                    </center>
                  </form>
                  <br />
                </div>
              </div>
            </div>
          </div>
        </div>
      </div>
    </div>
  </div>
</div>
`;
